 ---------------------------------------------------------------------------------------------------------------------- 
| Snapshot           | WNS                  | TNS                  | Density (%) | Resource               | DRVs       |
|                    | HEPG (ns) | ALL (ns) | HEPG (ns) | ALL (ns) |             | Real (s) | Memory (MB) | Tran | Cap |
|--------------------+-----------+----------+-----------+----------+-------------+----------+-------------+------+-----|
| initial_summary    |    30.082 |   22.723 |           |        0 |       64.46 | 0:00:03  |        3561 |    0 |   0 |
| ccopt_pro          |           |          |           |          |             | 0:00:01  |        3564 |      |     |
| drv_eco_fixing     |    30.551 |   23.080 |         0 |        0 |       64.46 | 0:00:01  |        3566 |    0 |   0 |
| route_type_fixing  |           |          |           |          |             | 0:00:00  |        3566 |      |     |
| pre_route_summary  |    30.551 |   23.080 |           |        0 |       64.46 | 0:00:00  |        3566 |    0 |   0 |
| eco_route          |           |          |           |          |             | 0:00:02  |        3499 |      |     |
| post_route_summary |    30.063 |   22.709 |           |        0 |       64.46 | 0:00:01  |        3548 |    0 |   0 |
| final_summary      |    30.063 |   22.709 |           |        0 |       64.46 | 0:00:01  |        3553 |    0 |   0 |
 ---------------------------------------------------------------------------------------------------------------------- 
