 ------------------------------------------------------------------------------------------------------------------------------------------------------- 
| Snapshot                | WNS                  | TNS                  | Density (%) | Hotspot                   | Resource               | DRVs       |
|                         | HEPG (ns) | ALL (ns) | HEPG (ns) | ALL (ns) |             | Max (bins) | Total (bins) | Real (s) | Memory (MB) | Tran | Cap |
|-------------------------+-----------+----------+-----------+----------+-------------+------------+--------------+----------+-------------+------+-----|
| initial_summary         |           |   22.685 |           |        0 |       63.62 |            |              | 0:00:01  |        3359 |    0 |   0 |
| route_type_refinement   |           |          |           |          |             |            |              | 0:00:00  |        3356 |      |     |
| simplify_netlist        |           |          |           |          |             |            |              | 0:00:01  |        3357 |      |     |
| drv_fixing              |           |          |           |          |             |            |              | 0:00:00  |        3356 |      |     |
| global_opt              |           |   22.685 |           |        0 |       63.62 |            |              | 0:00:01  |        3356 |      |     |
| area_reclaiming         |     0.000 |   22.685 |         0 |        0 |       63.62 |            |              | 0:00:01  |        3359 |      |     |
| incremental_replacement |           |          |           |          |             |       2.00 |         5.00 | 0:00:10  |        3367 |      |     |
| area_reclaiming_2       |    29.746 |   22.774 |         0 |        0 |       63.59 |            |              | 0:00:02  |        3381 |      |     |
| area_reclaiming_3       |    29.746 |   22.774 |         0 |        0 |       63.59 |            |              | 0:00:00  |        3381 |      |     |
| drv_eco_fixing          |    29.748 |   22.725 |         0 |        0 |       63.66 |            |              | 0:00:01  |        3382 |    0 |   0 |
| legalization            |           |          |           |          |             |            |              | 0:00:00  |        3382 |      |     |
| final_summary           |    29.748 |   22.725 |           |        0 |       63.66 |            |              | 0:00:00  |        3373 |    0 |   0 |
 ------------------------------------------------------------------------------------------------------------------------------------------------------- 
