 ------------------------------------------------------------------------------------------------------------------------------------------------------- 
| Snapshot                | WNS                  | TNS                  | Density (%) | Hotspot                   | Resource               | DRVs       |
|                         | HEPG (ns) | ALL (ns) | HEPG (ns) | ALL (ns) |             | Max (bins) | Total (bins) | Real (s) | Memory (MB) | Tran | Cap |
|-------------------------+-----------+----------+-----------+----------+-------------+------------+--------------+----------+-------------+------+-----|
| initial_summary         |    29.486 |   22.482 |           |        0 |       64.44 |            |              | 0:00:01  |        3439 |    0 |   0 |
| route_type_refinement   |           |          |           |          |             |            |              | 0:00:00  |        3438 |      |     |
| simplify_netlist        |           |          |           |          |             |            |              | 0:00:01  |        3439 |      |     |
| excluded_clk_net_fixing |           |          |           |          |             |            |              | 0:00:00  |        3439 |      |     |
| global_opt              |           |   22.482 |           |        0 |       64.44 |            |              | 0:00:01  |        3443 |      |     |
| area_reclaiming         |    29.518 |   22.508 |         0 |        0 |       64.41 |            |              | 0:00:01  |        3446 |      |     |
| area_reclaiming_2       |    29.518 |   22.508 |         0 |        0 |       64.38 |            |              | 0:00:02  |        3460 |      |     |
| area_reclaiming_3       |    29.518 |   22.508 |         0 |        0 |       64.38 |            |              | 0:00:01  |        3460 |      |     |
| local_wire_reclaim      |           |          |           |          |             |            |              | 0:00:05  |        3467 |      |     |
| global_route            |           |          |           |          |             |       0.00 |         0.00 | 0:00:01  |        3425 |      |     |
| route_type_refinement_2 |           |          |           |          |             |            |              | 0:00:00  |        3425 |      |     |
| drv_eco_fixing          |    29.507 |   22.584 |         0 |        0 |       64.46 |            |              | 0:00:00  |        3464 |    0 |   0 |
| legalization            |           |          |           |          |             |            |              | 0:00:00  |        3464 |      |     |
| final_summary           |    29.507 |   22.583 |           |        0 |       64.46 |       0.00 |         0.00 | 0:00:01  |        3453 |    0 |   0 |
 ------------------------------------------------------------------------------------------------------------------------------------------------------- 
