 ------------------------------------------------------------------------------------------------------------------------------------------------------- 
| Snapshot                | WNS                  | TNS                  | Density (%) | Hotspot                   | Resource               | DRVs       |
|                         | HEPG (ns) | ALL (ns) | HEPG (ns) | ALL (ns) |             | Max (bins) | Total (bins) | Real (s) | Memory (MB) | Tran | Cap |
|-------------------------+-----------+----------+-----------+----------+-------------+------------+--------------+----------+-------------+------+-----|
| initial_summary         |           |   20.582 |           |        0 |       62.79 |            |              | 0:00:01  |        3305 |  193 | 141 |
| simplify_netlist        |           |          |           |          |             |            |              | 0:00:01  |        3310 |      |     |
| drv_fixing              |           |          |           |          |             |            |              | 0:00:00  |        3310 |      |     |
| drv_fixing_2            |     0.000 |   23.164 |         0 |        0 |       63.77 |            |              | 0:00:02  |        3345 |    0 |   0 |
| global_opt              |           |   23.164 |           |        0 |       63.77 |            |              | 0:00:00  |        3354 |      |     |
| area_reclaiming         |     0.000 |   23.188 |         0 |        0 |       63.73 |            |              | 0:00:02  |        3360 |      |     |
| incremental_replacement |           |          |           |          |             |       2.00 |         6.00 | 0:00:10  |        3368 |      |     |
| area_reclaiming_2       |    29.849 |   22.609 |         0 |        0 |       63.61 |            |              | 0:00:02  |        3367 |      |     |
| area_reclaiming_3       |    29.847 |   22.609 |         0 |        0 |       63.61 |            |              | 0:00:01  |        3368 |      |     |
| drv_eco_fixing          |    29.846 |   22.728 |         0 |        0 |       63.62 |            |              | 0:00:00  |        3368 |    0 |   0 |
| legalization            |           |          |           |          |             |            |              | 0:00:00  |        3368 |      |     |
| final_summary           |    29.844 |   22.727 |           |        0 |       63.62 |            |              | 0:00:01  |        3355 |    0 |   0 |
 ------------------------------------------------------------------------------------------------------------------------------------------------------- 
